[C:/Мои Web Сайты/213/api.institute-bm.com/landing/instagram365.html]
[C:/Мои Web Сайты/213/api.institute-bm.com/local/templates/landing/img/favicon/apple-touch-icon-57x57.png]
[C:/Мои Web Сайты/213/api.institute-bm.com/local/templates/landing/img/favicon/apple-touch-icon-114x114.png]
[C:/Мои Web Сайты/213/api.institute-bm.com/local/templates/landing/img/favicon/apple-touch-icon-72x72.png]
[C:/Мои Web Сайты/213/api.institute-bm.com/local/templates/landing/img/favicon/apple-touch-icon-144x144.png]
[C:/Мои Web Сайты/213/api.institute-bm.com/local/templates/landing/img/favicon/apple-touch-icon-120x120.png]
[C:/Мои Web Сайты/213/api.institute-bm.com/local/templates/landing/img/favicon/apple-touch-icon-152x152.png]
[C:/Мои Web Сайты/213/api.institute-bm.com/local/templates/landing/img/favicon/favicon-32x32.png]
[C:/Мои Web Сайты/213/api.institute-bm.com/local/templates/landing/img/favicon/favicon-16x16.png]
[C:/Мои Web Сайты/213/api.institute-bm.com/local/templates/landing/img/favicon/mstile-144x144.png]
[C:/Мои Web Сайты/213/backblue.gif]
[C:/Мои Web Сайты/213/fade.gif]
[C:/Мои Web Сайты/213/index.html]
[C:/Мои Web Сайты/213/api.institute-bm.com/bitrix/js/main/core/css/core292b.css]
[C:/Мои Web Сайты/213/api.institute-bm.com/upload/landing/instagram365/css/0_from_old_bm98db.css]
[C:/Мои Web Сайты/213/api.institute-bm.com/upload/landing/instagram365/css/instagramdb83.css]
[C:/Мои Web Сайты/213/api.institute-bm.com/local/templates/landing/template_styles24fe.css]
[C:/Мои Web Сайты/213/api.institute-bm.com/bitrix/js/main/core/core8822.js]
[C:/Мои Web Сайты/213/api.institute-bm.com/bitrix/js/main/core/core_fx3e01.js]
[C:/Мои Web Сайты/213/api.institute-bm.com/landing/POST.html]
[C:/Мои Web Сайты/213/api.institute-bm.com/local/templates/landing/js/landing3b9f.js]
[C:/Мои Web Сайты/213/api.institute-bm.com/upload/landing/instagram365/js/1_jquery.cookie23c5.js]
[C:/Мои Web Сайты/213/api.institute-bm.com/upload/landing/instagram365/js/2_fancybox57c4.js]
[C:/Мои Web Сайты/213/api.institute-bm.com/upload/landing/instagram365/js/3_from_old_bmabe3.js]
[C:/Мои Web Сайты/213/api.institute-bm.com/upload/landing/instagram365/js/instagram31b0.js]
[C:/Мои Web Сайты/213/api.institute-bm.com/upload/landing/instagram/instagram/div08-item1.jpg]
[C:/Мои Web Сайты/213/api.institute-bm.com/upload/landing/instagram/instagram/div08-item3.jpg]
[C:/Мои Web Сайты/213/api.institute-bm.com/upload/landing/instagram/instagram/div08-item2.jpg]
[C:/Мои Web Сайты/213/api.institute-bm.com/upload/landing/instagram/instagram/div08-item11.jpg]
[C:/Мои Web Сайты/213/api.institute-bm.com/upload/landing/instagram/instagram/div08-item9.jpg]
[C:/Мои Web Сайты/213/api.institute-bm.com/upload/landing/instagram/instagram/div08-item6.jpg]
[C:/Мои Web Сайты/213/api.institute-bm.com/upload/landing/instagram/instagram/div08-item8.jpg]
[C:/Мои Web Сайты/213/api.institute-bm.com/upload/landing/instagram/instagram/div08-item12.jpg]
[C:/Мои Web Сайты/213/api.institute-bm.com/upload/landing/instagram/instagram/div08-item4.jpg]
[C:/Мои Web Сайты/213/api.institute-bm.com/upload/landing/instagram/instagram/div08-item13.png]
[C:/Мои Web Сайты/213/api.institute-bm.com/upload/landing/instagram/instagram/div08-item7.jpg]
[C:/Мои Web Сайты/213/api.institute-bm.com/upload/landing/instagram/instagram/div08-item5.jpg]
[C:/Мои Web Сайты/213/api.institute-bm.com/upload/landing/instagram/instagram/rimma_nuyanzina.png]
[C:/Мои Web Сайты/213/api.institute-bm.com/upload/landing/instagram/instagram/div08-item14.png]
[C:/Мои Web Сайты/213/api.institute-bm.com/upload/landing/instagram/instagram/div13.jpg]
[C:/Мои Web Сайты/213/mc.yandex.ru/metrika/watch.js]
[C:/Мои Web Сайты/213/api.institute-bm.com/landing/instagram365.html]
[C:/Мои Web Сайты/213/api.institute-bm.com/bitrix/js/main/core/css/core292b.css]
[C:/Мои Web Сайты/213/api.institute-bm.com/upload/landing/instagram365/css/0_from_old_bm98db.css]
[C:/Мои Web Сайты/213/api.institute-bm.com/upload/landing/instagram/instagram/div01.png]
[C:/Мои Web Сайты/213/api.institute-bm.com/upload/landing/instagram/instagram/div01-title.jpg]
[C:/Мои Web Сайты/213/api.institute-bm.com/upload/landing/instagram/instagram/div02.jpg]
[C:/Мои Web Сайты/213/api.institute-bm.com/upload/landing/instagram/instagram/div02-text.jpg]
[C:/Мои Web Сайты/213/api.institute-bm.com/upload/landing/instagram/instagram/div03.jpg]
[C:/Мои Web Сайты/213/api.institute-bm.com/upload/landing/instagram/instagram/div04-title.jpg]
[C:/Мои Web Сайты/213/api.institute-bm.com/upload/landing/instagram/instagram/div04-item1.jpg]
[C:/Мои Web Сайты/213/api.institute-bm.com/upload/landing/instagram/instagram/div04-item1.png]
[C:/Мои Web Сайты/213/api.institute-bm.com/upload/landing/instagram/instagram/div04-author1.png]
[C:/Мои Web Сайты/213/api.institute-bm.com/upload/landing/instagram/instagram/div04-item2.jpg]
[C:/Мои Web Сайты/213/api.institute-bm.com/upload/landing/instagram/instagram/div04-author2.png]
[C:/Мои Web Сайты/213/api.institute-bm.com/upload/landing/instagram/instagram/div04-item3.jpg]
[C:/Мои Web Сайты/213/api.institute-bm.com/upload/landing/instagram/instagram/div04-author3.png]
[C:/Мои Web Сайты/213/api.institute-bm.com/upload/landing/instagram/instagram/div05-title.jpg]
[C:/Мои Web Сайты/213/api.institute-bm.com/upload/landing/instagram/instagram/div05-left.jpg]
[C:/Мои Web Сайты/213/api.institute-bm.com/upload/landing/instagram/instagram/div05-right.jpg]
[C:/Мои Web Сайты/213/api.institute-bm.com/upload/landing/instagram/instagram/div05-slide1.jpg]
[C:/Мои Web Сайты/213/api.institute-bm.com/upload/landing/instagram/instagram/div05-slide2.jpg]
[C:/Мои Web Сайты/213/api.institute-bm.com/upload/landing/instagram/instagram/div05-slide3.jpg]
[C:/Мои Web Сайты/213/api.institute-bm.com/upload/landing/instagram/instagram/div06.jpg]
[C:/Мои Web Сайты/213/api.institute-bm.com/upload/landing/instagram/instagram/div06-item1.jpg]
[C:/Мои Web Сайты/213/api.institute-bm.com/upload/landing/instagram/instagram/div06-item2.jpg]
[C:/Мои Web Сайты/213/api.institute-bm.com/upload/landing/instagram/instagram/div06-item3.jpg]
[C:/Мои Web Сайты/213/api.institute-bm.com/upload/landing/instagram/instagram/div06-item4.jpg]
[C:/Мои Web Сайты/213/api.institute-bm.com/upload/landing/instagram/instagram/div06-item5.jpg]
[C:/Мои Web Сайты/213/api.institute-bm.com/upload/landing/instagram/instagram/div06-item6.jpg]
[C:/Мои Web Сайты/213/api.institute-bm.com/upload/landing/instagram/instagram/div06-item7.jpg]
[C:/Мои Web Сайты/213/api.institute-bm.com/upload/landing/instagram/instagram/div06-item8.jpg]
[C:/Мои Web Сайты/213/api.institute-bm.com/upload/landing/instagram/instagram/div07-result.jpg]
[C:/Мои Web Сайты/213/api.institute-bm.com/upload/landing/instagram/instagram/div07-item1.jpg]
[C:/Мои Web Сайты/213/api.institute-bm.com/upload/landing/instagram/instagram/div07-item2.jpg]
[C:/Мои Web Сайты/213/api.institute-bm.com/upload/landing/instagram/instagram/div07-item3.jpg]
[C:/Мои Web Сайты/213/api.institute-bm.com/upload/landing/instagram/instagram/div07-item4.jpg]
[C:/Мои Web Сайты/213/api.institute-bm.com/upload/landing/instagram/instagram/div08-item10.jpg]
[C:/Мои Web Сайты/213/api.institute-bm.com/upload/landing/instagram/instagram/div09-title.png]
[C:/Мои Web Сайты/213/api.institute-bm.com/upload/landing/instagram/instagram/div09-course.png]
[C:/Мои Web Сайты/213/api.institute-bm.com/upload/landing/instagram/instagram/div09-number.png]
[C:/Мои Web Сайты/213/api.institute-bm.com/upload/landing/instagram/instagram/div09-tooltip.png]
[C:/Мои Web Сайты/213/api.institute-bm.com/upload/landing/instagram/instagram/div09-item1.jpg]
[C:/Мои Web Сайты/213/api.institute-bm.com/upload/landing/instagram/instagram/div09-left.png]
[C:/Мои Web Сайты/213/api.institute-bm.com/upload/landing/instagram/instagram/div09-right.png]
[C:/Мои Web Сайты/213/api.institute-bm.com/upload/landing/instagram/instagram/div09-result-title.png]
[C:/Мои Web Сайты/213/api.institute-bm.com/upload/landing/instagram/instagram/div09-result-li.png]
[C:/Мои Web Сайты/213/api.institute-bm.com/upload/landing/instagram/instagram/div09-files.png]
[C:/Мои Web Сайты/213/api.institute-bm.com/upload/landing/instagram/instagram/div09-slide1.jpg]
[C:/Мои Web Сайты/213/api.institute-bm.com/upload/landing/instagram/instagram/div09-slide1-2.jpg]
[C:/Мои Web Сайты/213/api.institute-bm.com/upload/landing/instagram/instagram/div09-slide1-3.jpg]
[C:/Мои Web Сайты/213/api.institute-bm.com/upload/landing/instagram/instagram/div09-slide1-4.jpg]
[C:/Мои Web Сайты/213/api.institute-bm.com/upload/landing/instagram/instagram/div09-item2.jpg]
[C:/Мои Web Сайты/213/api.institute-bm.com/upload/landing/instagram/instagram/div09-slide2.jpg]
[C:/Мои Web Сайты/213/api.institute-bm.com/upload/landing/instagram/instagram/div09-slide2-2.jpg]
[C:/Мои Web Сайты/213/api.institute-bm.com/upload/landing/instagram/instagram/div09-slide2-3.jpg]
[C:/Мои Web Сайты/213/api.institute-bm.com/upload/landing/instagram/instagram/div09-item3.jpg]
[C:/Мои Web Сайты/213/api.institute-bm.com/upload/landing/instagram/instagram/div09-slide3.jpg]
[C:/Мои Web Сайты/213/api.institute-bm.com/upload/landing/instagram/instagram/div09-slide3-2.jpg]
[C:/Мои Web Сайты/213/api.institute-bm.com/upload/landing/instagram/instagram/div09-slide3-3.jpg]
[C:/Мои Web Сайты/213/api.institute-bm.com/upload/landing/instagram/instagram/div09-slide3-4.jpg]
[C:/Мои Web Сайты/213/api.institute-bm.com/upload/landing/instagram/instagram/div09-slide3-5.jpg]
[C:/Мои Web Сайты/213/api.institute-bm.com/upload/landing/instagram/instagram/div09-item4.jpg]
[C:/Мои Web Сайты/213/api.institute-bm.com/upload/landing/instagram/instagram/div09-slide4.jpg]
[C:/Мои Web Сайты/213/api.institute-bm.com/upload/landing/instagram/instagram/div09-slide4-2.jpg]
[C:/Мои Web Сайты/213/api.institute-bm.com/upload/landing/instagram/instagram/div09-item5.jpg]
[C:/Мои Web Сайты/213/api.institute-bm.com/upload/landing/instagram/instagram/div09-slide5.jpg]
[C:/Мои Web Сайты/213/api.institute-bm.com/upload/landing/instagram/instagram/div09-slide5-2.jpg]
[C:/Мои Web Сайты/213/api.institute-bm.com/upload/landing/instagram/instagram/div09-item6.jpg]
[C:/Мои Web Сайты/213/api.institute-bm.com/upload/landing/instagram/instagram/div09-slide6.jpg]
[C:/Мои Web Сайты/213/api.institute-bm.com/upload/landing/instagram/instagram/div09-slide6-2.jpg]
[C:/Мои Web Сайты/213/api.institute-bm.com/upload/landing/instagram/instagram/div09-slide6-3.jpg]
[C:/Мои Web Сайты/213/api.institute-bm.com/upload/landing/instagram/instagram/div09-item7.jpg]
[C:/Мои Web Сайты/213/api.institute-bm.com/upload/landing/instagram/instagram/div09-slide7.jpg]
[C:/Мои Web Сайты/213/api.institute-bm.com/upload/landing/instagram/instagram/div09-slide7-2.jpg]
[C:/Мои Web Сайты/213/api.institute-bm.com/upload/landing/instagram/instagram/div09-slide7-3.jpg]
[C:/Мои Web Сайты/213/api.institute-bm.com/upload/landing/instagram/instagram/div09-item8.jpg]
[C:/Мои Web Сайты/213/api.institute-bm.com/upload/landing/instagram/instagram/div09-slide8.jpg]
[C:/Мои Web Сайты/213/api.institute-bm.com/upload/landing/instagram/instagram/div09-slide8-2.jpg]
[C:/Мои Web Сайты/213/api.institute-bm.com/upload/landing/instagram/instagram/div10-title.jpg]
[C:/Мои Web Сайты/213/api.institute-bm.com/upload/landing/instagram/instagram/div10-list.jpg]
[C:/Мои Web Сайты/213/api.institute-bm.com/upload/landing/instagram/instagram/div10-item1.jpg]
[C:/Мои Web Сайты/213/api.institute-bm.com/upload/landing/instagram/instagram/div10-item2.jpg]
[C:/Мои Web Сайты/213/api.institute-bm.com/upload/landing/instagram/instagram/div10-item3.jpg]
[C:/Мои Web Сайты/213/api.institute-bm.com/upload/landing/instagram/instagram/div10-item4.jpg]
[C:/Мои Web Сайты/213/api.institute-bm.com/upload/landing/instagram/instagram/div10-item5.jpg]
[C:/Мои Web Сайты/213/api.institute-bm.com/upload/landing/instagram/instagram/div10-text.jpg]
[C:/Мои Web Сайты/213/api.institute-bm.com/upload/landing/instagram/instagram/div11.jpg]
[C:/Мои Web Сайты/213/api.institute-bm.com/upload/landing/instagram/instagram/div12.jpg]
[C:/Мои Web Сайты/213/api.institute-bm.com/upload/landing/instagram/instagram/div12-title.jpg]
[C:/Мои Web Сайты/213/api.institute-bm.com/upload/landing/instagram/instagram/div12-number.jpg]
[C:/Мои Web Сайты/213/api.institute-bm.com/upload/landing/instagram/instagram/div12-account.jpg]
[C:/Мои Web Сайты/213/api.institute-bm.com/upload/landing/instagram/instagram/div20.jpg]
[C:/Мои Web Сайты/213/api.institute-bm.com/upload/landing/instagram365/css/instagramdb83.css]
[C:/Мои Web Сайты/213/api.institute-bm.com/local/templates/landing/fonts/Roboto-Bold.eot]
[C:/Мои Web Сайты/213/api.institute-bm.com/local/templates/landing/fonts/Roboto-Bold.woff]
[C:/Мои Web Сайты/213/api.institute-bm.com/local/templates/landing/fonts/Roboto-Bold.ttf]
[C:/Мои Web Сайты/213/api.institute-bm.com/local/templates/landing/fonts/Roboto-Bold.svg]
[C:/Мои Web Сайты/213/api.institute-bm.com/local/templates/landing/fonts/Roboto-Regular.eot]
[C:/Мои Web Сайты/213/api.institute-bm.com/local/templates/landing/fonts/Roboto-Regular.woff]
[C:/Мои Web Сайты/213/api.institute-bm.com/local/templates/landing/fonts/Roboto-Regular.ttf]
[C:/Мои Web Сайты/213/api.institute-bm.com/local/templates/landing/fonts/Roboto-Regular.svg]
[C:/Мои Web Сайты/213/api.institute-bm.com/local/templates/landing/fonts/Roboto-Light.eot]
[C:/Мои Web Сайты/213/api.institute-bm.com/local/templates/landing/fonts/Roboto-Light.woff]
[C:/Мои Web Сайты/213/api.institute-bm.com/local/templates/landing/fonts/Roboto-Light.ttf]
[C:/Мои Web Сайты/213/api.institute-bm.com/local/templates/landing/img/scroll-top.png]
[C:/Мои Web Сайты/213/api.institute-bm.com/local/templates/landing/template_styles24fe.css]
[C:/Мои Web Сайты/213/api.institute-bm.com/bitrix/js/main/jquery/jquery-1.8.3.minfb61.js]
[C:/Мои Web Сайты/213/api.institute-bm.com/local/templates/landing/img/wait-icon.svg]
[C:/Мои Web Сайты/213/api.institute-bm.com/local/templates/landing/fonts/Roboto-Light.svg]
[C:/Мои Web Сайты/213/api.institute-bm.com/landing/POST.html]
[C:/Мои Web Сайты/213/api.institute-bm.com/local/templates/landing/js/script6201.js]
[C:/Мои Web Сайты/213/api.institute-bm.com/local/templates/landing/gtm/script9823.js]
[C:/Мои Web Сайты/213/api.institute-bm.com/upload/landing/instagram365/js/0_jquery2ca6.js]
[C:/Мои Web Сайты/213/www.googletagmanager.com/gtm5445.html]
[C:/Мои Web Сайты/213/mc.yandex.ru/metrika/watch.js]
[C:/Мои Web Сайты/213/cdn.bitrix24.ru/b3061933/crm/site_button/loader_2_bx145z.js]
[C:/Мои Web Сайты/213/api.institute-bm.com/bitrix/components/bitrix/system.show_message/templates/.default/styleb606.css]
[C:/Мои Web Сайты/213/api.institute-bm.com/local/templates/landing/fonts/Roboto-Bold.svg]
[C:/Мои Web Сайты/213/api.institute-bm.com/local/templates/landing/fonts/Roboto-Regular.svg]
[C:/Мои Web Сайты/213/api.institute-bm.com/local/templates/landing/fonts/Roboto-Light.svg]
[C:/Мои Web Сайты/213/api.institute-bm.com/local/templates/landing/img/wait-icon.svg]
[C:/Мои Web Сайты/213/api.institute-bm.com/bitrix/components/bitrix/system.show_message/templates/.default/styleb606.css]
